2026-04-24 00:03:21,891 - INFO - === Binance Demo BTC Bot V2 started ===
2026-04-24 00:03:21,947 - ERROR - Error fetching 1h: binance does not have a testnet/sandbox URL for sapi endpoints
2026-04-24 00:03:23,007 - ERROR - Error fetching 1h: binance does not have a testnet/sandbox URL for sapi endpoints
2026-04-24 00:03:24,067 - ERROR - Error fetching 1h: binance does not have a testnet/sandbox URL for sapi endpoints
2026-04-24 00:03:25,128 - ERROR - Error fetching 1h: binance does not have a testnet/sandbox URL for sapi endpoints
2026-04-24 00:03:26,189 - ERROR - Error fetching 1h: binance does not have a testnet/sandbox URL for sapi endpoints
2026-04-24 00:03:27,250 - ERROR - Error fetching 1h: binance does not have a testnet/sandbox URL for sapi endpoints
2026-04-24 00:03:28,306 - ERROR - Error fetching 1h: binance does not have a testnet/sandbox URL for sapi endpoints
2026-04-24 00:03:29,364 - ERROR - Error fetching 1h: binance does not have a testnet/sandbox URL for sapi endpoints
2026-04-24 00:03:29,490 - INFO - Bot stopped by user
2026-04-24 00:10:33,143 - INFO - 🚀 Binance Demo BTC Bot started (V2 + AI)
2026-04-24 00:17:00,533 - ERROR - Error fetching 4h: binance GET https://demo.binance.com/api/v3/klines?interval=4h&limit=100&symbol=BTCUSDT
2026-04-24 00:19:32,557 - ERROR - Error fetching 5m: binance GET https://demo.binance.com/api/v3/klines?interval=5m&limit=100&symbol=BTCUSDT
2026-04-24 00:19:48,801 - ERROR - Error fetching 1h: binance GET https://demo.binance.com/api/v3/klines?interval=1h&limit=100&symbol=BTCUSDT
2026-04-24 00:20:49,540 - ERROR - Error fetching 5m: binance GET https://demo.binance.com/api/v3/klines?interval=5m&limit=100&symbol=BTCUSDT
2026-04-24 00:26:52,662 - INFO - ⏹️ Bot stopped by user
2026-04-24 00:26:56,226 - INFO - 🚀 Binance Demo BTC Bot started (V2 + AI)
2026-04-24 00:34:42,010 - INFO - ⏹️ Bot stopped by user
2026-04-24 00:40:25,378 - INFO - 🚀 Binance Demo BTC Bot started (V2 + AI)
2026-04-24 00:41:25,391 - INFO - ⏹️ Bot stopped by user
