2026-04-26 21:45:22,223 - INFO - \u2550\u2550\u2550\u2550\u2550\u2550\u2550\u2550\u2550\u2550\u2550\u2550\u2550\u2550\u2550\u2550\u2550\u2550\u2550\u2550\u2550\u2550\u2550\u2550\u2550\u2550\u2550\u2550\u2550\u2550\u2550\u2550\u2550\u2550\u2550\u2550\u2550\u2550\u2550\u2550\u2550\u2550\u2550\u2550\u2550\u2550\u2550\u2550\u2550\u2550\u2550\u2550\u2550\u2550\u2550\u2550\u2550\u2550\u2550\u2550\u2550\u2550\u2550\u2550
2026-04-26 21:45:22,224 - INFO - \U0001f916 Hybrid BTC/ETH/SOL bot started
2026-04-26 21:45:22,224 - INFO - \U0001f9ea DRY_RUN=True | \U0001f9e0 AI_VALIDATOR=False | symbols=BTCUSDT,ETHUSDT,SOLUSDT
2026-04-26 21:45:22,232 - INFO - \u2550\u2550\u2550\u2550\u2550\u2550\u2550\u2550\u2550\u2550\u2550\u2550\u2550\u2550\u2550\u2550\u2550\u2550\u2550\u2550\u2550\u2550\u2550\u2550\u2550\u2550\u2550\u2550\u2550\u2550\u2550\u2550\u2550\u2550\u2550\u2550\u2550\u2550\u2550\u2550\u2550\u2550\u2550\u2550\u2550\u2550\u2550\u2550\u2550\u2550\u2550\u2550\u2550\u2550\u2550\u2550\u2550\u2550\u2550\u2550\u2550\u2550\u2550\u2550
2026-04-26 21:45:23,734 - INFO - \u23f1\ufe0f Time synced offset=-70ms
2026-04-26 21:45:24,711 - INFO - \u2705 Set margin BTCUSDT: already ISOLATED
2026-04-26 21:45:25,579 - INFO - \u2699\ufe0f Set leverage BTCUSDT=1x
2026-04-26 21:45:26,939 - INFO - \u2705 Set margin ETHUSDT: already ISOLATED
2026-04-26 21:45:27,965 - INFO - \u2699\ufe0f Set leverage ETHUSDT=1x
2026-04-26 21:45:29,032 - INFO - \u2705 Set margin SOLUSDT: already ISOLATED
2026-04-26 21:45:30,310 - INFO - \u2699\ufe0f Set leverage SOLUSDT=1x
2026-04-26 21:45:31,522 - INFO - \U0001f4ca Balance=5006.50 | trades_today=0
2026-04-26 21:45:34,804 - INFO - \U0001f50e --- BTCUSDT ---
2026-04-26 21:45:41,107 - INFO - \U0001f4c8 BTCUSDT | 1m close=78016.50 ema20=77990.12 ema50=77949.71 rsi=77.6 atr=24.65 atr%=0.03 vol=0.00 UP | 5m close=78016.50 ema20=77934.25 ema50=77932.98 rsi=70.3 atr=59.46 atr%=0.08 vol=0.08 UP | 15m close=78016.50 ema20=77926.76 ema50=77846.17 rsi=51.4 atr=95.33 atr%=0.12 vol=0.97 UP | 1h close=77903.10 ema20=77754.69 ema50=77672.45 rsi=61.4 atr=192.66 atr%=0.25 vol=0.93 UP
2026-04-26 21:45:42,572 - INFO - \U0001f4cc BTCUSDT existing position amount=0.0057 entry=78197.2 mark=77997.46425725
2026-04-26 21:45:44,319 - WARNING - \U0001f6e1\ufe0f BTCUSDT has unprotected position; placing emergency SL/TP side=BUY qty=0.0057 sl=78122.87 tp=78304.24
2026-04-26 21:45:44,320 - INFO - \U0001f9ea DRY_RUN STOP_MARKET {'symbol': 'BTCUSDT', 'side': 'SELL', 'type': 'STOP_MARKET', 'stopPrice': 78122.87, 'quantity': 0.0057, 'reduceOnly': 'true', 'workingType': 'MARK_PRICE'}
2026-04-26 21:45:44,320 - INFO - \U0001f9ea DRY_RUN TAKE_PROFIT_MARKET {'symbol': 'BTCUSDT', 'side': 'SELL', 'type': 'TAKE_PROFIT_MARKET', 'stopPrice': 78304.24, 'quantity': 0.0057, 'reduceOnly': 'true', 'workingType': 'MARK_PRICE'}
2026-04-26 21:45:44,320 - INFO - \U0001f50e --- ETHUSDT ---
2026-04-26 21:45:50,454 - INFO - \U0001f4c8 ETHUSDT | 1m close=2345.99 ema20=2343.13 ema50=2339.08 rsi=47.6 atr=9.99 atr%=0.43 vol=0.52 UP | 5m close=2345.99 ema20=2335.62 ema50=2333.12 rsi=84.1 atr=6.08 atr%=0.26 vol=1.62 UP | 15m close=2345.99 ema20=2332.67 ema50=2328.03 rsi=72.5 atr=5.31 atr%=0.23 vol=1.67 UP | 1h close=2333.16 ema20=2324.39 ema50=2321.92 rsi=63.5 atr=6.92 atr%=0.30 vol=1.19 UP
2026-04-26 21:45:51,523 - INFO - \u23f8\ufe0f ETHUSDT no entry: 5m entry not ready side=BUY close=2345.99 ema20=2335.62 momentum=0.00035
2026-04-26 21:45:51,524 - INFO - \U0001f50e --- SOLUSDT ---
2026-04-26 21:45:55,428 - INFO - \U0001f4c8 SOLUSDT | 1m close=86.33 ema20=86.30 ema50=86.22 rsi=57.0 atr=0.14 atr%=0.16 vol=0.33 UP | 5m close=86.33 ema20=86.19 ema50=86.24 rsi=67.3 atr=0.15 atr%=0.18 vol=0.58 UP | 15m close=86.33 ema20=86.25 ema50=86.27 rsi=40.9 atr=0.19 atr%=0.22 vol=1.35 UP | 1h close=86.07 ema20=86.25 ema50=86.20 rsi=50.0 atr=0.29 atr%=0.34 vol=1.40 DOWN
2026-04-26 21:45:56,520 - INFO - \u23f8\ufe0f SOLUSDT no entry: 15m/1h trend not aligned
2026-04-26 21:46:27,609 - INFO - \U0001f4ca Balance=5006.50 | trades_today=0
2026-04-26 21:46:31,360 - INFO - \U0001f50e --- BTCUSDT ---
2026-04-26 21:46:36,878 - INFO - \U0001f4c8 BTCUSDT | 1m close=78029.00 ema20=77993.82 ema50=77952.82 rsi=61.0 atr=17.68 atr%=0.02 vol=0.17 UP | 5m close=78016.50 ema20=77934.25 ema50=77932.98 rsi=70.3 atr=59.46 atr%=0.08 vol=0.08 UP | 15m close=78016.50 ema20=77926.76 ema50=77846.17 rsi=51.4 atr=95.33 atr%=0.12 vol=0.97 UP | 1h close=77903.10 ema20=77754.69 ema50=77672.45 rsi=61.4 atr=192.66 atr%=0.25 vol=0.93 UP
2026-04-26 21:46:38,114 - INFO - \U0001f4cc BTCUSDT existing position amount=0.0057 entry=78197.2 mark=77962.72847826
2026-04-26 21:46:39,492 - WARNING - \U0001f6e1\ufe0f BTCUSDT has unprotected position; placing emergency SL/TP side=BUY qty=0.0057 sl=78122.87 tp=78304.24
2026-04-26 21:46:39,492 - INFO - \U0001f9ea DRY_RUN STOP_MARKET {'symbol': 'BTCUSDT', 'side': 'SELL', 'type': 'STOP_MARKET', 'stopPrice': 78122.87, 'quantity': 0.0057, 'reduceOnly': 'true', 'workingType': 'MARK_PRICE'}
2026-04-26 21:46:39,492 - INFO - \U0001f9ea DRY_RUN TAKE_PROFIT_MARKET {'symbol': 'BTCUSDT', 'side': 'SELL', 'type': 'TAKE_PROFIT_MARKET', 'stopPrice': 78304.24, 'quantity': 0.0057, 'reduceOnly': 'true', 'workingType': 'MARK_PRICE'}
2026-04-26 21:46:39,492 - INFO - \U0001f50e --- ETHUSDT ---
2026-04-26 21:46:44,002 - INFO - \U0001f4c8 ETHUSDT | 1m close=2345.98 ema20=2343.40 ema50=2339.35 rsi=49.8 atr=8.88 atr%=0.38 vol=0.00 UP | 5m close=2345.99 ema20=2335.62 ema50=2333.12 rsi=84.1 atr=6.08 atr%=0.26 vol=1.62 UP | 15m close=2345.99 ema20=2332.67 ema50=2328.03 rsi=72.5 atr=5.31 atr%=0.23 vol=1.67 UP | 1h close=2333.16 ema20=2324.39 ema50=2321.92 rsi=63.5 atr=6.92 atr%=0.30 vol=1.19 UP
2026-04-26 21:46:44,875 - INFO - \u23f8\ufe0f ETHUSDT no entry: 5m entry not ready side=BUY close=2345.99 ema20=2335.62 momentum=0.00035
2026-04-26 21:46:44,875 - INFO - \U0001f50e --- SOLUSDT ---
2026-04-26 21:46:48,826 - INFO - \U0001f4c8 SOLUSDT | 1m close=86.32 ema20=86.30 ema50=86.22 rsi=60.8 atr=0.12 atr%=0.14 vol=0.08 UP | 5m close=86.33 ema20=86.19 ema50=86.24 rsi=67.3 atr=0.15 atr%=0.18 vol=0.58 UP | 15m close=86.33 ema20=86.25 ema50=86.27 rsi=40.9 atr=0.19 atr%=0.22 vol=1.35 UP | 1h close=86.07 ema20=86.25 ema50=86.20 rsi=50.0 atr=0.29 atr%=0.34 vol=1.40 DOWN
2026-04-26 21:46:50,082 - INFO - \u23f8\ufe0f SOLUSDT no entry: 15m/1h trend not aligned
2026-04-26 21:47:20,805 - INFO - \U0001f4ca Balance=5006.50 | trades_today=0
2026-04-26 21:47:23,501 - INFO - \U0001f50e --- BTCUSDT ---
2026-04-26 21:47:28,310 - INFO - \U0001f4c8 BTCUSDT | 1m close=78029.00 ema20=77997.17 ema50=77955.81 rsi=69.4 atr=17.80 atr%=0.02 vol=0.98 UP | 5m close=78016.50 ema20=77934.25 ema50=77932.98 rsi=70.3 atr=59.46 atr%=0.08 vol=0.08 UP | 15m close=78016.50 ema20=77926.76 ema50=77846.17 rsi=51.4 atr=95.33 atr%=0.12 vol=0.97 UP | 1h close=77903.10 ema20=77754.69 ema50=77672.45 rsi=61.4 atr=192.66 atr%=0.25 vol=0.93 UP
2026-04-26 21:47:29,681 - INFO - \U0001f4cc BTCUSDT existing position amount=0.0057 entry=78197.2 mark=77986.2
2026-04-26 21:47:34,835 - WARNING - \U0001f6e1\ufe0f BTCUSDT has unprotected position; placing emergency SL/TP side=BUY qty=0.0057 sl=78122.87 tp=78304.24
2026-04-26 21:47:34,835 - INFO - \U0001f9ea DRY_RUN STOP_MARKET {'symbol': 'BTCUSDT', 'side': 'SELL', 'type': 'STOP_MARKET', 'stopPrice': 78122.87, 'quantity': 0.0057, 'reduceOnly': 'true', 'workingType': 'MARK_PRICE'}
2026-04-26 21:47:34,836 - INFO - \U0001f9ea DRY_RUN TAKE_PROFIT_MARKET {'symbol': 'BTCUSDT', 'side': 'SELL', 'type': 'TAKE_PROFIT_MARKET', 'stopPrice': 78304.24, 'quantity': 0.0057, 'reduceOnly': 'true', 'workingType': 'MARK_PRICE'}
2026-04-26 21:47:34,836 - INFO - \U0001f50e --- ETHUSDT ---
2026-04-26 21:47:42,949 - INFO - \U0001f4c8 ETHUSDT | 1m close=2344.66 ema20=2343.52 ema50=2339.55 rsi=59.7 atr=8.32 atr%=0.35 vol=2.15 UP | 5m close=2345.99 ema20=2335.62 ema50=2333.12 rsi=84.1 atr=6.08 atr%=0.26 vol=1.62 UP | 15m close=2345.99 ema20=2332.67 ema50=2328.03 rsi=72.5 atr=5.31 atr%=0.23 vol=1.67 UP | 1h close=2333.16 ema20=2324.39 ema50=2321.92 rsi=63.5 atr=6.92 atr%=0.30 vol=1.19 UP
2026-04-26 21:47:45,707 - INFO - \u23f8\ufe0f ETHUSDT no entry: 5m entry not ready side=BUY close=2345.99 ema20=2335.62 momentum=0.00035
2026-04-26 21:47:45,707 - INFO - \U0001f50e --- SOLUSDT ---
2026-04-26 21:47:52,294 - INFO - \U0001f4c8 SOLUSDT | 1m close=86.33 ema20=86.30 ema50=86.22 rsi=50.8 atr=0.11 atr%=0.13 vol=0.26 UP | 5m close=86.33 ema20=86.19 ema50=86.24 rsi=67.3 atr=0.15 atr%=0.18 vol=0.58 UP | 15m close=86.33 ema20=86.25 ema50=86.27 rsi=40.9 atr=0.19 atr%=0.22 vol=1.35 UP | 1h close=86.07 ema20=86.25 ema50=86.20 rsi=50.0 atr=0.29 atr%=0.34 vol=1.40 DOWN
2026-04-26 21:47:53,849 - INFO - \u23f8\ufe0f SOLUSDT no entry: 15m/1h trend not aligned
2026-04-26 21:48:25,544 - INFO - \U0001f4ca Balance=5006.50 | trades_today=0
2026-04-26 21:48:30,237 - INFO - \U0001f50e --- BTCUSDT ---
2026-04-26 21:48:37,085 - INFO - \U0001f4c8 BTCUSDT | 1m close=78008.20 ema20=77998.22 ema50=77957.86 rsi=58.9 atr=18.68 atr%=0.02 vol=0.02 UP | 5m close=78016.50 ema20=77934.25 ema50=77932.98 rsi=70.3 atr=59.46 atr%=0.08 vol=0.08 UP | 15m close=78016.50 ema20=77926.76 ema50=77846.17 rsi=51.4 atr=95.33 atr%=0.12 vol=0.97 UP | 1h close=77903.10 ema20=77754.69 ema50=77672.45 rsi=61.4 atr=192.66 atr%=0.25 vol=0.93 UP
2026-04-26 21:48:38,454 - INFO - \U0001f4cc BTCUSDT existing position amount=0.0057 entry=78197.2 mark=77978.47105072
2026-04-26 21:48:40,263 - WARNING - \U0001f6e1\ufe0f BTCUSDT has unprotected position; placing emergency SL/TP side=BUY qty=0.0057 sl=78122.87 tp=78304.24
2026-04-26 21:48:40,263 - INFO - \U0001f9ea DRY_RUN STOP_MARKET {'symbol': 'BTCUSDT', 'side': 'SELL', 'type': 'STOP_MARKET', 'stopPrice': 78122.87, 'quantity': 0.0057, 'reduceOnly': 'true', 'workingType': 'MARK_PRICE'}
2026-04-26 21:48:40,263 - INFO - \U0001f9ea DRY_RUN TAKE_PROFIT_MARKET {'symbol': 'BTCUSDT', 'side': 'SELL', 'type': 'TAKE_PROFIT_MARKET', 'stopPrice': 78304.24, 'quantity': 0.0057, 'reduceOnly': 'true', 'workingType': 'MARK_PRICE'}
2026-04-26 21:48:40,263 - INFO - \U0001f50e --- ETHUSDT ---
2026-04-26 21:48:45,204 - INFO - \U0001f4c8 ETHUSDT | 1m close=2344.77 ema20=2343.64 ema50=2339.76 rsi=48.5 atr=7.54 atr%=0.32 vol=0.02 UP | 5m close=2345.99 ema20=2335.62 ema50=2333.12 rsi=84.1 atr=6.08 atr%=0.26 vol=1.62 UP | 15m close=2345.99 ema20=2332.67 ema50=2328.03 rsi=72.5 atr=5.31 atr%=0.23 vol=1.67 UP | 1h close=2333.16 ema20=2324.39 ema50=2321.92 rsi=63.5 atr=6.92 atr%=0.30 vol=1.19 UP
2026-04-26 21:48:47,407 - INFO - \u23f8\ufe0f ETHUSDT no entry: 5m entry not ready side=BUY close=2345.99 ema20=2335.62 momentum=0.00035
2026-04-26 21:48:47,407 - INFO - \U0001f50e --- SOLUSDT ---
2026-04-26 21:48:52,609 - INFO - \U0001f4c8 SOLUSDT | 1m close=86.32 ema20=86.30 ema50=86.23 rsi=76.9 atr=0.10 atr%=0.11 vol=0.01 UP | 5m close=86.33 ema20=86.19 ema50=86.24 rsi=67.3 atr=0.15 atr%=0.18 vol=0.58 UP | 15m close=86.33 ema20=86.25 ema50=86.27 rsi=40.9 atr=0.19 atr%=0.22 vol=1.35 UP | 1h close=86.07 ema20=86.25 ema50=86.20 rsi=50.0 atr=0.29 atr%=0.34 vol=1.40 DOWN
2026-04-26 21:48:53,939 - INFO - \u23f8\ufe0f SOLUSDT no entry: 15m/1h trend not aligned
2026-04-26 21:49:26,117 - INFO - \U0001f4ca Balance=5006.50 | trades_today=0
2026-04-26 21:49:29,669 - INFO - \U0001f50e --- BTCUSDT ---
2026-04-26 21:49:40,159 - INFO - \U0001f4c8 BTCUSDT | 1m close=78029.00 ema20=78001.15 ema50=77960.65 rsi=56.6 atr=17.48 atr%=0.02 vol=0.07 UP | 5m close=78016.50 ema20=77934.25 ema50=77932.98 rsi=70.3 atr=59.46 atr%=0.08 vol=0.08 UP | 15m close=78016.50 ema20=77926.76 ema50=77846.17 rsi=51.4 atr=95.33 atr%=0.12 vol=0.97 UP | 1h close=77903.10 ema20=77754.69 ema50=77672.45 rsi=61.4 atr=192.66 atr%=0.25 vol=0.93 UP
2026-04-26 21:49:42,621 - INFO - \U0001f4cc BTCUSDT existing position amount=0.0057 entry=78197.2 mark=77970.1
2026-04-26 21:49:44,523 - WARNING - \U0001f6e1\ufe0f BTCUSDT has unprotected position; placing emergency SL/TP side=BUY qty=0.0057 sl=78122.87 tp=78304.24
2026-04-26 21:49:44,523 - INFO - \U0001f9ea DRY_RUN STOP_MARKET {'symbol': 'BTCUSDT', 'side': 'SELL', 'type': 'STOP_MARKET', 'stopPrice': 78122.87, 'quantity': 0.0057, 'reduceOnly': 'true', 'workingType': 'MARK_PRICE'}
2026-04-26 21:49:44,524 - INFO - \U0001f9ea DRY_RUN TAKE_PROFIT_MARKET {'symbol': 'BTCUSDT', 'side': 'SELL', 'type': 'TAKE_PROFIT_MARKET', 'stopPrice': 78304.24, 'quantity': 0.0057, 'reduceOnly': 'true', 'workingType': 'MARK_PRICE'}
2026-04-26 21:49:44,524 - INFO - \U0001f50e --- ETHUSDT ---
2026-04-26 21:49:49,829 - WARNING - \U0001f6d1 Bot stopped by user
